// Jest Snapshot v1, https://goo.gl/fbAQLP

exports[`App renders without crashing and matching snapshot 1`] = `
<div
  className="App"
>
  <h1
    className="heading-movies"
  >
    POPULAR
  </h1>
  <div
    style={
      Object {
        "left": "100px",
        "position": "relative",
      }
    }
  >
    <div
      style={
        Object {
          "height": 600,
          "position": "relative",
          "width": 1000,
        }
      }
    >
      <div
        className="spinner"
        style={undefined}
      >
        <img
          alt="loading spinner"
          className="Spinner"
          src="logo.svg"
        />
      </div>
      
      <div
        id="movie-widget"
        style={
          Object {
            "height": 600,
            "overflowY": "scroll",
            "position": "relative",
            "width": 1000,
          }
        }
      />
    </div>
  </div>
  <p>
    Demo of modular Movie component on any arbitrary app. API: width/height - override movie component default size
  </p>
</div>
`;
